ELF Header:
  Magic:   7f 45 4c 46 02 01 01 00 00 00 00 00 00 00 00 00 
  Class:                             ELF64
  Data:                              2's complement, little endian
  Version:                           1 (current)
  OS/ABI:                            UNIX - System V
  ABI Version:                       0
  Type:                              REL (Relocatable file)
  Machine:                           Synopsys ARCv2.3 64-bit
  Version:                           0x1
  Entry point address:               0x0
  Start of program headers:          0 (bytes into file)
  Start of section headers:          3424 (bytes into file)
  Flags:                             0x0
  Size of this header:               64 (bytes)
  Size of program headers:           0 (bytes)
  Number of program headers:         0
  Size of section headers:           64 (bytes)
  Number of section headers:         11
  Section header string table index: 1
readelf: Error: Missing knowledge of 32-bit reloc types used in DWARF sections of machine number 253
readelf: Warning: unable to apply unsupported reloc type 6 to section .debug_info
readelf: Warning: unable to apply unsupported reloc type 3 to section .debug_info
readelf: Warning: unable to apply unsupported reloc type 6 to section .debug_info
readelf: Warning: unable to apply unsupported reloc type 3 to section .debug_info
readelf: Warning: unable to apply unsupported reloc type 6 to section .debug_info
readelf: Warning: unable to apply unsupported reloc type 3 to section .debug_info
